// Jest Snapshot v1, https://goo.gl/fbAQLP

exports[`RegisterTransactionAsset #validate should throw error when username includes forbidden character 1`] = `"The username is in unsupported format"`;

exports[`RegisterTransactionAsset constructor should have valid schema 1`] = `
Object {
  "$id": "lisk/dpos/register",
  "properties": Object {
    "username": Object {
      "dataType": "string",
      "fieldNumber": 1,
      "maxLength": 20,
      "minLength": 1,
    },
  },
  "required": Array [
    "username",
  ],
  "type": "object",
}
`;
