// Jest Snapshot v1, https://goo.gl/fbAQLP

exports[`UnlockTransactionAsset constructor should have valid schema 1`] = `
Object {
  "$id": "lisk/dpos/unlock",
  "properties": Object {
    "unlockObjects": Object {
      "fieldNumber": 1,
      "items": Object {
        "properties": Object {
          "amount": Object {
            "dataType": "uint64",
            "fieldNumber": 2,
          },
          "delegateAddress": Object {
            "dataType": "bytes",
            "fieldNumber": 1,
            "maxLength": 20,
            "minLength": 20,
          },
          "unvoteHeight": Object {
            "dataType": "uint32",
            "fieldNumber": 3,
          },
        },
        "required": Array [
          "delegateAddress",
          "amount",
          "unvoteHeight",
        ],
        "type": "object",
      },
      "maxItems": 20,
      "minItems": 1,
      "type": "array",
    },
  },
  "required": Array [
    "unlockObjects",
  ],
  "type": "object",
}
`;
