// Jest Snapshot v1, https://goo.gl/fbAQLP

exports[`Create Transaction should return a valid transaction 1`] = `
Transaction {
  "asset": Object {
    "data": Array [
      8,
      128,
      160,
      148,
      165,
      141,
      29,
      18,
      20,
      171,
      0,
      65,
      167,
      211,
      247,
      178,
      194,
      144,
      181,
      184,
      52,
      212,
      107,
      220,
      123,
      126,
      184,
      88,
      21,
      26,
      4,
      109,
      111,
      111,
      110,
    ],
    "type": "Buffer",
  },
  "assetID": 0,
  "fee": 0n,
  "moduleID": 2,
  "nonce": 0n,
  "senderPublicKey": Object {
    "data": Array [
      190,
      144,
      123,
      75,
      172,
      132,
      254,
      229,
      206,
      136,
      17,
      219,
      45,
      239,
      201,
      191,
      11,
      42,
      42,
      43,
      188,
      61,
      84,
      216,
      162,
      37,
      126,
      205,
      112,
      68,
      25,
      98,
    ],
    "type": "Buffer",
  },
  "signatures": Array [],
}
`;
