// Jest Snapshot v1, https://goo.gl/fbAQLP

exports[`forger:getVoters action action forger:getVoters should return valid format 1`] = `
Array [
  Object {
    "address": "9cabee3d27426676b852ce6b804cb2fdff7cd0b5",
    "totalVotesReceived": "0",
    "username": "delegate_0",
    "voters": Array [],
  },
  Object {
    "address": "463e7e879b7bdc6a97ec02a2a603aa1a46a04c80",
    "totalVotesReceived": "0",
    "username": "delegate_1",
    "voters": Array [],
  },
  Object {
    "address": "328d0f546695c5fa02105deb055cf2801d9b8ba1",
    "totalVotesReceived": "0",
    "username": "delegate_2",
    "voters": Array [],
  },
  Object {
    "address": "6174515fa66c91bff1128913edd4e0f1de37cee0",
    "totalVotesReceived": "0",
    "username": "delegate_3",
    "voters": Array [],
  },
  Object {
    "address": "9d0149b0962d44bfc08a9f64d5afceb6281d7fb5",
    "totalVotesReceived": "0",
    "username": "delegate_4",
    "voters": Array [],
  },
  Object {
    "address": "b56c55b9a70c8e2f07979b862374aed0e92a6dda",
    "totalVotesReceived": "0",
    "username": "delegate_5",
    "voters": Array [],
  },
  Object {
    "address": "b7580969dd56151f608931f126f793bbf45d8fa0",
    "totalVotesReceived": "0",
    "username": "delegate_6",
    "voters": Array [],
  },
  Object {
    "address": "58d907d26508603e838423daa2061c29c7a84950",
    "totalVotesReceived": "0",
    "username": "delegate_7",
    "voters": Array [],
  },
  Object {
    "address": "52f9cdcff0605241c78278690ae36eb0136a30ff",
    "totalVotesReceived": "0",
    "username": "delegate_8",
    "voters": Array [],
  },
  Object {
    "address": "b485becd88db1ab3d556d405204451ba00adaa7d",
    "totalVotesReceived": "0",
    "username": "delegate_9",
    "voters": Array [],
  },
  Object {
    "address": "4fd52f67f151fbbdda9dd92a714884a399830eca",
    "totalVotesReceived": "0",
    "username": "delegate_10",
    "voters": Array [],
  },
  Object {
    "address": "24c130eb6cc0d8f663a8f6d16ffc61f935a2e02e",
    "totalVotesReceived": "0",
    "username": "delegate_11",
    "voters": Array [],
  },
  Object {
    "address": "e39316cc020089ea7a5614bcf69a8931c10630a7",
    "totalVotesReceived": "0",
    "username": "delegate_12",
    "voters": Array [],
  },
  Object {
    "address": "6b9895c31bcdb2d9c929b9da7e389ed91de672a0",
    "totalVotesReceived": "0",
    "username": "delegate_13",
    "voters": Array [],
  },
  Object {
    "address": "1ac73bff74924ad9b74236c4962be27174ae87d0",
    "totalVotesReceived": "0",
    "username": "delegate_14",
    "voters": Array [],
  },
  Object {
    "address": "31fe789b43277e35ab410f2afcfb574280af2dd8",
    "totalVotesReceived": "0",
    "username": "delegate_15",
    "voters": Array [],
  },
  Object {
    "address": "a0620472cde03e77caece701ab7bc5928a5d367c",
    "totalVotesReceived": "0",
    "username": "delegate_16",
    "voters": Array [],
  },
  Object {
    "address": "f730cb929a1c45032387c345e10d2427bea55a5e",
    "totalVotesReceived": "0",
    "username": "delegate_17",
    "voters": Array [],
  },
  Object {
    "address": "a6f6a0543ae470c6b056021cb2ac153368eafeec",
    "totalVotesReceived": "0",
    "username": "delegate_18",
    "voters": Array [],
  },
  Object {
    "address": "79f30c1cbc1b9c4949c8b85acc24a7578e01558b",
    "totalVotesReceived": "0",
    "username": "delegate_19",
    "voters": Array [],
  },
  Object {
    "address": "cb579ee537b34926d47129a0b54c0e6d00ef3004",
    "totalVotesReceived": "0",
    "username": "delegate_20",
    "voters": Array [],
  },
  Object {
    "address": "436b40f58c0c27ed133f6001a019ff25561efad4",
    "totalVotesReceived": "0",
    "username": "delegate_21",
    "voters": Array [],
  },
  Object {
    "address": "4e874bcfb6f5896fe9e5dab3b26f59b2e2a9c09b",
    "totalVotesReceived": "0",
    "username": "delegate_22",
    "voters": Array [],
  },
  Object {
    "address": "d2c9a93755aed20c4d8f55c1e92b812d2c7d49d2",
    "totalVotesReceived": "0",
    "username": "delegate_23",
    "voters": Array [],
  },
  Object {
    "address": "3de95e18f18a54e2269bbf8f1a38ea70762c73fa",
    "totalVotesReceived": "0",
    "username": "delegate_24",
    "voters": Array [],
  },
  Object {
    "address": "df0e187bb3895806261c87cf66e1772566ee8e58",
    "totalVotesReceived": "0",
    "username": "delegate_25",
    "voters": Array [],
  },
  Object {
    "address": "be89f4e983dfb04e2b58a12eb9ed18149e108b07",
    "totalVotesReceived": "0",
    "username": "delegate_26",
    "voters": Array [],
  },
  Object {
    "address": "4b6126597881cb6ba1a45c1f6286769e7a094fb4",
    "totalVotesReceived": "0",
    "username": "delegate_27",
    "voters": Array [],
  },
  Object {
    "address": "70abf056bd92e8f77cfc551748fa54a4e3018d5f",
    "totalVotesReceived": "0",
    "username": "delegate_28",
    "voters": Array [],
  },
  Object {
    "address": "d0a0e45b950e3871d8783b973409042b4ab382d4",
    "totalVotesReceived": "0",
    "username": "delegate_29",
    "voters": Array [],
  },
  Object {
    "address": "3deeb0a7426a028b435b4ddd8d35ac85cf567237",
    "totalVotesReceived": "0",
    "username": "delegate_30",
    "voters": Array [],
  },
  Object {
    "address": "5fbd442a4647b079cda1229ecf6d8f44f361c8ca",
    "totalVotesReceived": "0",
    "username": "delegate_31",
    "voters": Array [],
  },
  Object {
    "address": "ad42f8e867d618171bf4982e64269442148f6e11",
    "totalVotesReceived": "0",
    "username": "delegate_32",
    "voters": Array [],
  },
  Object {
    "address": "03f6d90b7dbd0497dc3a52d1c27e23bb8c75897f",
    "totalVotesReceived": "0",
    "username": "delegate_33",
    "voters": Array [],
  },
  Object {
    "address": "9139c91f8a0aa1fb385770feaf299b99883aec2d",
    "totalVotesReceived": "0",
    "username": "delegate_34",
    "voters": Array [],
  },
  Object {
    "address": "61f396d2a4a13ab7a39ba791fac4b921b54a208e",
    "totalVotesReceived": "0",
    "username": "delegate_35",
    "voters": Array [],
  },
  Object {
    "address": "8722453383f781d5427a4ee211020e49bf34a2b9",
    "totalVotesReceived": "0",
    "username": "delegate_36",
    "voters": Array [],
  },
  Object {
    "address": "8074f0d02f748fc55448a4bf200f1dade8517059",
    "totalVotesReceived": "0",
    "username": "delegate_37",
    "voters": Array [],
  },
  Object {
    "address": "308a95d1d3f7bb556f48da4f4344566e59f6f1cb",
    "totalVotesReceived": "0",
    "username": "delegate_38",
    "voters": Array [],
  },
  Object {
    "address": "d5bd2050b74b309d54819ca17add173c6fca1e16",
    "totalVotesReceived": "0",
    "username": "delegate_39",
    "voters": Array [],
  },
  Object {
    "address": "8b1c221a030cf720736d9fb7d0499dd7276fc1b3",
    "totalVotesReceived": "0",
    "username": "delegate_40",
    "voters": Array [],
  },
  Object {
    "address": "6330fd8ae91df4a5d7fbc2390c182ec6676dc5a6",
    "totalVotesReceived": "0",
    "username": "delegate_41",
    "voters": Array [],
  },
  Object {
    "address": "94146c9889748c7b727eb3ac8c20e53c52effd32",
    "totalVotesReceived": "0",
    "username": "delegate_42",
    "voters": Array [],
  },
  Object {
    "address": "290abc4a2244bf0ecf5aa1ccee8ac8f60f8bce48",
    "totalVotesReceived": "0",
    "username": "delegate_43",
    "voters": Array [],
  },
  Object {
    "address": "abd2ed5ad35b3a0870aadae6dceacc988ba63895",
    "totalVotesReceived": "0",
    "username": "delegate_44",
    "voters": Array [],
  },
  Object {
    "address": "1c194c2be1cc53f663a93c64899cbaa34016f415",
    "totalVotesReceived": "0",
    "username": "delegate_45",
    "voters": Array [],
  },
  Object {
    "address": "5cd1d0ccf98f2bd5a4bfaa770d55f16498af0bcc",
    "totalVotesReceived": "0",
    "username": "delegate_46",
    "voters": Array [],
  },
  Object {
    "address": "657f610728eef97d55e50212871f0993bb7cc700",
    "totalVotesReceived": "0",
    "username": "delegate_47",
    "voters": Array [],
  },
  Object {
    "address": "2159f75e5440c36431aedbc7dc29a65a327778b8",
    "totalVotesReceived": "0",
    "username": "delegate_48",
    "voters": Array [],
  },
  Object {
    "address": "0f33a5033b750e6c4dca47e38ba020e912df143e",
    "totalVotesReceived": "0",
    "username": "delegate_49",
    "voters": Array [],
  },
  Object {
    "address": "9b42e4264020f3c3dcaaed806578ccd469205060",
    "totalVotesReceived": "0",
    "username": "delegate_50",
    "voters": Array [],
  },
  Object {
    "address": "aebd99f07218109162a905d0e0c91e58bedc83c5",
    "totalVotesReceived": "0",
    "username": "delegate_51",
    "voters": Array [],
  },
  Object {
    "address": "82cbc7b39d35af358f9e2513af13b2f77b647a00",
    "totalVotesReceived": "0",
    "username": "delegate_52",
    "voters": Array [],
  },
  Object {
    "address": "0d2c377e936b68c70066613b10c0fdad537f90da",
    "totalVotesReceived": "0",
    "username": "delegate_53",
    "voters": Array [],
  },
  Object {
    "address": "89b144ecfdd5ea352083bf624d3cf842ec06a5e3",
    "totalVotesReceived": "0",
    "username": "delegate_54",
    "voters": Array [],
  },
  Object {
    "address": "2cf52c08cc76091d884e800c1c697b13f69907d4",
    "totalVotesReceived": "0",
    "username": "delegate_55",
    "voters": Array [],
  },
  Object {
    "address": "e2950a9f07b44e724df2129360cc140293c08308",
    "totalVotesReceived": "0",
    "username": "delegate_56",
    "voters": Array [],
  },
  Object {
    "address": "65f927187bf96aac5d968fcc9351e5492b5f9356",
    "totalVotesReceived": "0",
    "username": "delegate_57",
    "voters": Array [],
  },
  Object {
    "address": "d06fe6d3e5f7facb5855eca839422fe3824a5d6e",
    "totalVotesReceived": "0",
    "username": "delegate_58",
    "voters": Array [],
  },
  Object {
    "address": "6e12e4498ae69fb07ff2d8aab036a911229d6c62",
    "totalVotesReceived": "0",
    "username": "delegate_59",
    "voters": Array [],
  },
  Object {
    "address": "dcb5bf35b6d521195e613c42483f520139e2331d",
    "totalVotesReceived": "0",
    "username": "delegate_60",
    "voters": Array [],
  },
  Object {
    "address": "8506f3c10f75044946f1a23a7caf578253649471",
    "totalVotesReceived": "0",
    "username": "delegate_61",
    "voters": Array [],
  },
  Object {
    "address": "d3c8064d011ef853e3be506b95a045f41f78e72a",
    "totalVotesReceived": "0",
    "username": "delegate_62",
    "voters": Array [],
  },
  Object {
    "address": "c98554123062ac5795a3ee905b081e863db5a818",
    "totalVotesReceived": "0",
    "username": "delegate_63",
    "voters": Array [],
  },
  Object {
    "address": "a0bc50b27e7ac39060ed015a55f2f4508c84f0c2",
    "totalVotesReceived": "0",
    "username": "delegate_64",
    "voters": Array [],
  },
  Object {
    "address": "d5c4e380b1ec2f7f2068cfba9a90cb3ae7816110",
    "totalVotesReceived": "0",
    "username": "delegate_65",
    "voters": Array [],
  },
  Object {
    "address": "7d2c6781d873ed2ba7a87f46f735f5e15a41a6f1",
    "totalVotesReceived": "0",
    "username": "delegate_66",
    "voters": Array [],
  },
  Object {
    "address": "3b3e137b1bec6f20c9a8b2ad4f5784661fb0fa79",
    "totalVotesReceived": "0",
    "username": "delegate_67",
    "voters": Array [],
  },
  Object {
    "address": "6ffcd8ad547d8a549a31b25236e322c781a52d85",
    "totalVotesReceived": "0",
    "username": "delegate_68",
    "voters": Array [],
  },
  Object {
    "address": "bd175729d4177259c71cf13fd4ecfb5d01542706",
    "totalVotesReceived": "0",
    "username": "delegate_69",
    "voters": Array [],
  },
  Object {
    "address": "5853a3f24990deecced49d6bc15990102ec0c33a",
    "totalVotesReceived": "0",
    "username": "delegate_70",
    "voters": Array [],
  },
  Object {
    "address": "e9355152c117c9e1fad8be86e9abea961cef4a36",
    "totalVotesReceived": "0",
    "username": "delegate_71",
    "voters": Array [],
  },
  Object {
    "address": "4f4422eb61c45edb4d76f10cd871c9f983f2ebaa",
    "totalVotesReceived": "0",
    "username": "delegate_72",
    "voters": Array [],
  },
  Object {
    "address": "0903f4c5cb599a7928aef27e314e98291d1e3888",
    "totalVotesReceived": "0",
    "username": "delegate_73",
    "voters": Array [],
  },
  Object {
    "address": "31204ad5b95dd922c2899aa5bf8e7ee5b7546af3",
    "totalVotesReceived": "0",
    "username": "delegate_74",
    "voters": Array [],
  },
  Object {
    "address": "8459b8870fcefff59f172d716b7bfe9fcc28d408",
    "totalVotesReceived": "0",
    "username": "delegate_75",
    "voters": Array [],
  },
  Object {
    "address": "246fba5c519576d93c5fac899c44b29b72f526ae",
    "totalVotesReceived": "0",
    "username": "delegate_76",
    "voters": Array [],
  },
  Object {
    "address": "d8e611bafd70a549f035cf61ab0d6ed9e7f25c4e",
    "totalVotesReceived": "0",
    "username": "delegate_77",
    "voters": Array [],
  },
  Object {
    "address": "7d60db187337cbd881140d69d84c9246eda8382e",
    "totalVotesReceived": "0",
    "username": "delegate_78",
    "voters": Array [],
  },
  Object {
    "address": "b11c5811ea074a30142d824b6e8cfd3df14b2688",
    "totalVotesReceived": "0",
    "username": "delegate_79",
    "voters": Array [],
  },
  Object {
    "address": "8eceffd5a41e678b6467c9bc80ce35d2e8543d98",
    "totalVotesReceived": "0",
    "username": "delegate_80",
    "voters": Array [],
  },
  Object {
    "address": "ca5f6d76eab6e4f5aacee2864c79034d7111b986",
    "totalVotesReceived": "0",
    "username": "delegate_81",
    "voters": Array [],
  },
  Object {
    "address": "0bc3bec2fdb565996fd316e368e66e5d8e830808",
    "totalVotesReceived": "0",
    "username": "delegate_82",
    "voters": Array [],
  },
  Object {
    "address": "ab0041a7d3f7b2c290b5b834d46bdc7b7eb85815",
    "totalVotesReceived": "0",
    "username": "delegate_83",
    "voters": Array [],
  },
  Object {
    "address": "c697b620c7c4015e32dd7bdd7d0430b33404e107",
    "totalVotesReceived": "0",
    "username": "delegate_84",
    "voters": Array [],
  },
  Object {
    "address": "c3ab2ac23512d9bf62b02775e22cf80df814eb1b",
    "totalVotesReceived": "0",
    "username": "delegate_85",
    "voters": Array [],
  },
  Object {
    "address": "ca309a5f4bbf11ca86592febb6d2ccc78309f69e",
    "totalVotesReceived": "0",
    "username": "delegate_86",
    "voters": Array [],
  },
  Object {
    "address": "27843a60a1e044c1e6e3cf119fdf64eb2b3e0d94",
    "totalVotesReceived": "0",
    "username": "delegate_87",
    "voters": Array [],
  },
  Object {
    "address": "8ac800124d5b16afd57b5cf7245edfcd5885ea3b",
    "totalVotesReceived": "0",
    "username": "delegate_88",
    "voters": Array [],
  },
  Object {
    "address": "a28d5e34007fd8fe6d7903044eb23a60fdad3c00",
    "totalVotesReceived": "0",
    "username": "delegate_89",
    "voters": Array [],
  },
  Object {
    "address": "d5e1f52cbe4a11a3730b98f52109b57602a9c4a1",
    "totalVotesReceived": "0",
    "username": "delegate_90",
    "voters": Array [],
  },
  Object {
    "address": "3c80e7d9964a1c83a6dd5dc64e105e0e634bd58a",
    "totalVotesReceived": "0",
    "username": "delegate_91",
    "voters": Array [],
  },
  Object {
    "address": "fa526a1611ccc66dec815cb963174118074b736e",
    "totalVotesReceived": "0",
    "username": "delegate_92",
    "voters": Array [],
  },
  Object {
    "address": "3b96d8565569421f43684b2c4eaa0639cbb5e011",
    "totalVotesReceived": "0",
    "username": "delegate_93",
    "voters": Array [],
  },
  Object {
    "address": "acfbdbaeb93d587170c7cd9c0b5ffdeb7ff9daec",
    "totalVotesReceived": "0",
    "username": "delegate_94",
    "voters": Array [],
  },
  Object {
    "address": "ffce8ce225c5d80098f50e877125b655aef6d101",
    "totalVotesReceived": "0",
    "username": "delegate_95",
    "voters": Array [],
  },
  Object {
    "address": "a9c66694dd65b2fdf40cdf45a0c308cbd38004fc",
    "totalVotesReceived": "0",
    "username": "delegate_96",
    "voters": Array [],
  },
  Object {
    "address": "0ada6a2f6c8f891769366fc9aa6fd9f1facb36cf",
    "totalVotesReceived": "0",
    "username": "delegate_97",
    "voters": Array [],
  },
  Object {
    "address": "b76a0f1819c4be0a1482567ca9b9fbed3eda444c",
    "totalVotesReceived": "0",
    "username": "delegate_98",
    "voters": Array [],
  },
  Object {
    "address": "b543e2e592200beb38235f6e48f8abe1d87ad872",
    "totalVotesReceived": "0",
    "username": "delegate_99",
    "voters": Array [],
  },
  Object {
    "address": "4fd8cc4e27a3489b57ed986efe3d327d3de40d92",
    "totalVotesReceived": "0",
    "username": "delegate_100",
    "voters": Array [],
  },
  Object {
    "address": "936f3a0f4d776b6a7722ed126e8ff17b44d7e7b8",
    "totalVotesReceived": "0",
    "username": "delegate_101",
    "voters": Array [],
  },
  Object {
    "address": "5ade564399e670bd1d429583059067f3a6ca2b7f",
    "totalVotesReceived": "0",
    "username": "delegate_102",
    "voters": Array [],
  },
]
`;
