// Jest Snapshot v1, https://goo.gl/fbAQLP

exports[`Send PoM transaction should create pom transaction for given block headers 1`] = `"0805100318012080c2d72f2a200fe9a3f1a21b5530f27f87a414b549e79a940bf24fdf2b2f05e7f22aeeecc86a32af030ad501080210c08db7011880ea3022209696342ed355848b4cd6d7c77093121ae3fc10f449447f41044972174e75bc2b2a20e3b0c44298fc1c149afbf4c8996fb92427ae41e4649b934ca495991b7852b8553220addb0e15a44b0fdc6ff291be28d8c98f5551d0cd9218d749e30ddb87c6e31ca93880c8afa025421a08e0dc2a10e0dc2a1a10c8c557b5dba8527c0e760124128fd15c4a40d90764813046127a50acf4b449fccad057944e7665ab065d7057e56983e42abe55a3cbc1eb35a8c126f54597d0a0b426f2ad9a2d62769185ad8e3b4a5b3af90912d40108021080897a18a0f73622209696342ed355848b4cd6d7c77093121ae3fc10f449447f41044972174e75bc2b2a20e3b0c44298fc1c149afbf4c8996fb92427ae41e4649b934ca495991b7852b8553220addb0e15a44b0fdc6ff291be28d8c98f5551d0cd9218d749e30ddb87c6e31ca93880c8afa025421a08d08e2a10e0dc2a1a10c8c557b5dba8527c0e760124128fd15c4a4056b412aa25c49e5c3cc97257972249fd0ad65f8e431264d9c04b639b46b0839b01ae8d239a354798bae1873c8318a25ef61a8dc9c7a0982da17afb24fbe15c053a407738cd920cb2c0e095b6eae77809d1bfe1a96734ace2717c4902c991b19e180daa3992d3d3cc0a5685a9b5ecaef1f62cccb95d6aba988b0ba3889ebd18117c0a"`;
