// Jest Snapshot v1, https://goo.gl/fbAQLP

exports[`addSchema should add schema and keep it in cache 1`] = `
Array [
  Object {
    "binaryKey": Object {
      "data": Array [
        10,
      ],
      "type": "Buffer",
    },
    "dataPath": Array [],
    "propertyName": "address",
    "schemaProp": Object {
      "dataType": "bytes",
      "fieldNumber": 1,
    },
  },
  Object {
    "binaryKey": Object {
      "data": Array [
        16,
      ],
      "type": "Buffer",
    },
    "dataPath": Array [],
    "propertyName": "balance",
    "schemaProp": Object {
      "dataType": "uint64",
      "fieldNumber": 2,
    },
  },
  Object {
    "binaryKey": Object {
      "data": Array [
        24,
      ],
      "type": "Buffer",
    },
    "dataPath": Array [],
    "propertyName": "isDelegate",
    "schemaProp": Object {
      "dataType": "boolean",
      "fieldNumber": 3,
    },
  },
  Object {
    "binaryKey": Object {
      "data": Array [
        34,
      ],
      "type": "Buffer",
    },
    "dataPath": Array [],
    "propertyName": "name",
    "schemaProp": Object {
      "dataType": "string",
      "fieldNumber": 4,
    },
  },
  Array [
    Object {
      "binaryKey": Object {
        "data": Array [
          42,
        ],
        "type": "Buffer",
      },
      "dataPath": Array [
        "asset",
      ],
      "propertyName": "asset",
      "schemaProp": Object {
        "fieldNumber": 5,
        "type": "object",
      },
    },
    Object {
      "binaryKey": Object {
        "data": Array [
          10,
        ],
        "type": "Buffer",
      },
      "dataPath": Array [
        "asset",
      ],
      "propertyName": "data",
      "schemaProp": Object {
        "dataType": "string",
        "fieldNumber": 1,
      },
    },
    Array [
      Object {
        "binaryKey": Object {
          "data": Array [
            18,
          ],
          "type": "Buffer",
        },
        "dataPath": Array [
          "asset",
          "fooBar",
        ],
        "propertyName": "fooBar",
        "schemaProp": Object {
          "fieldNumber": 2,
          "type": "object",
        },
      },
      Object {
        "binaryKey": Object {
          "data": Array [
            8,
          ],
          "type": "Buffer",
        },
        "dataPath": Array [
          "asset",
          "fooBar",
        ],
        "propertyName": "foo",
        "schemaProp": Object {
          "dataType": "uint32",
          "fieldNumber": 1,
        },
      },
      Object {
        "binaryKey": Object {
          "data": Array [
            16,
          ],
          "type": "Buffer",
        },
        "dataPath": Array [
          "asset",
          "fooBar",
        ],
        "propertyName": "bar",
        "schemaProp": Object {
          "dataType": "uint32",
          "fieldNumber": 2,
        },
      },
    ],
  ],
]
`;
