// Jest Snapshot v1, https://goo.gl/fbAQLP

exports[`stateStore.finalize.saveDiff finalize should save updated changes as diff 1`] = `
Object {
  "created": Array [],
  "deleted": Array [],
  "updated": Array [
    Object {
      "key": "consensus:key1",
      "value": Object {
        "data": Array [
          118,
          97,
          108,
          117,
          101,
          49,
        ],
        "type": "Buffer",
      },
    },
    Object {
      "key": "consensus:key2",
      "value": Object {
        "data": Array [
          118,
          97,
          108,
          117,
          101,
          50,
        ],
        "type": "Buffer",
      },
    },
  ],
}
`;
