// Jest Snapshot v1, https://goo.gl/fbAQLP

exports[`DPoSModule constructor should have valid schema 1`] = `
Object {
  "default": Object {
    "delegate": Object {
      "consecutiveMissedBlocks": 0,
      "isBanned": false,
      "lastForgedHeight": 0,
      "pomHeights": Array [],
      "totalVotesReceived": 0n,
      "username": "",
    },
    "sentVotes": Array [],
    "unlocking": Array [],
  },
  "properties": Object {
    "delegate": Object {
      "fieldNumber": 1,
      "properties": Object {
        "consecutiveMissedBlocks": Object {
          "dataType": "uint32",
          "fieldNumber": 3,
        },
        "isBanned": Object {
          "dataType": "boolean",
          "fieldNumber": 5,
        },
        "lastForgedHeight": Object {
          "dataType": "uint32",
          "fieldNumber": 4,
        },
        "pomHeights": Object {
          "fieldNumber": 2,
          "items": Object {
            "dataType": "uint32",
          },
          "type": "array",
        },
        "totalVotesReceived": Object {
          "dataType": "uint64",
          "fieldNumber": 6,
        },
        "username": Object {
          "dataType": "string",
          "fieldNumber": 1,
        },
      },
      "required": Array [
        "username",
        "pomHeights",
        "consecutiveMissedBlocks",
        "lastForgedHeight",
        "isBanned",
        "totalVotesReceived",
      ],
      "type": "object",
    },
    "sentVotes": Object {
      "fieldNumber": 2,
      "items": Object {
        "properties": Object {
          "amount": Object {
            "dataType": "uint64",
            "fieldNumber": 2,
          },
          "delegateAddress": Object {
            "dataType": "bytes",
            "fieldNumber": 1,
          },
        },
        "required": Array [
          "delegateAddress",
          "amount",
        ],
        "type": "object",
      },
      "type": "array",
    },
    "unlocking": Object {
      "fieldNumber": 3,
      "items": Object {
        "properties": Object {
          "amount": Object {
            "dataType": "uint64",
            "fieldNumber": 2,
          },
          "delegateAddress": Object {
            "dataType": "bytes",
            "fieldNumber": 1,
          },
          "unvoteHeight": Object {
            "dataType": "uint32",
            "fieldNumber": 3,
          },
        },
        "required": Array [
          "delegateAddress",
          "amount",
          "unvoteHeight",
        ],
        "type": "object",
      },
      "type": "array",
    },
  },
  "type": "object",
}
`;
